Archive member included because of file (symbol)

C:/Freescale/CW111/MCU/ARM_GCC_Support/ewl/lib/armv6-m\libc.a(exit.o)
                              ./Project_Settings/Startup_Code/__arm_start.o (exit)
C:/Freescale/CW111/MCU/ARM_GCC_Support/ewl/lib/armv6-m\libc.a(memset.o)
                              ./Project_Settings/Startup_Code/__arm_start.o (memset)
C:/Freescale/CW111/MCU/ARM_GCC_Support/ewl/lib/armv6-m\libc.a(__filll_mem.o)
                              C:/Freescale/CW111/MCU/ARM_GCC_Support/ewl/lib/armv6-m\libc.a(memset.o) (__fill_mem)
C:/Freescale/CW111/MCU/ARM_GCC_Support/ewl/lib/armv6-m\libc.a(memcpy.o)
                              ./Sources/main.o (memcpy)
C:/Freescale/CW111/MCU/ARM_GCC_Support/ewl/lib/armv6-m\librt.a(gcc_ctor_dtor.o)
                              ./Project_Settings/Startup_Code/__arm_start.o (__init_cpp)
C:/Freescale/CW111/MCU/ARM_GCC_Support/ewl/lib/armv6-m\librt.a(__arm_eabi_init.o)
                              C:/Freescale/CW111/MCU/ARM_GCC_Support/ewl/lib/armv6-m\libc.a(exit.o) (__destroy_global_chain)
C:/Freescale/CW111/MCU/ARM_GCC_Support/ewl/lib/armv6-m\librt.a(ROMCopy.o)
                              ./Project_Settings/Startup_Code/__arm_start.o (__copy_rom_sections_to_ram)

Discarded input sections

 .text          0x00000000        0x0 ./Project_Settings/Startup_Code/kinetis_sysinit.o
 .data          0x00000000        0x0 ./Project_Settings/Startup_Code/kinetis_sysinit.o
 .bss           0x00000000        0x0 ./Project_Settings/Startup_Code/kinetis_sysinit.o
 .text          0x00000000        0x0 ./Project_Settings/Startup_Code/__arm_start.o
 .data          0x00000000        0x0 ./Project_Settings/Startup_Code/__arm_start.o
 .bss           0x00000000        0x0 ./Project_Settings/Startup_Code/__arm_start.o
 .text.__iar_program_start
                0x00000000        0x4 ./Project_Settings/Startup_Code/__arm_start.o
 .text          0x00000000        0x0 ./Project_Settings/Startup_Code/__arm_end.o
 .data          0x00000000        0x0 ./Project_Settings/Startup_Code/__arm_end.o
 .bss           0x00000000        0x0 ./Project_Settings/Startup_Code/__arm_end.o
 .text          0x00000000        0x0 ./Sources/util.o
 .data          0x00000000        0x0 ./Sources/util.o
 .bss           0x00000000        0x0 ./Sources/util.o
 .text.espera   0x00000000       0x1c ./Sources/util.o
 .text          0x00000000        0x0 ./Sources/sa_mtb.o
 .data          0x00000000        0x0 ./Sources/sa_mtb.o
 .bss           0x00000000        0x0 ./Sources/sa_mtb.o
 .debug_info    0x00000000       0x21 ./Sources/sa_mtb.o
 .debug_abbrev  0x00000000       0x12 ./Sources/sa_mtb.o
 .debug_aranges
                0x00000000       0x18 ./Sources/sa_mtb.o
 .debug_macinfo
                0x00000000     0x24d8 ./Sources/sa_mtb.o
 .debug_line    0x00000000       0xa3 ./Sources/sa_mtb.o
 .debug_str     0x00000000       0x8c ./Sources/sa_mtb.o
 .comment       0x00000000       0x7a ./Sources/sa_mtb.o
 .ARM.attributes
                0x00000000       0x31 ./Sources/sa_mtb.o
 .text          0x00000000        0x0 ./Sources/main.o
 .data          0x00000000        0x0 ./Sources/main.o
 .bss           0x00000000        0x0 ./Sources/main.o
 .text          0x00000000        0x0 ./Sources/SysTick.o
 .data          0x00000000        0x0 ./Sources/SysTick.o
 .bss           0x00000000        0x0 ./Sources/SysTick.o
 .text          0x00000000        0x0 ./Sources/ISR.o
 .data          0x00000000        0x0 ./Sources/ISR.o
 .bss           0x00000000        0x0 ./Sources/ISR.o
 .text          0x00000000        0x0 ./Sources/GPIO_switches.o
 .data          0x00000000        0x0 ./Sources/GPIO_switches.o
 .bss           0x00000000        0x0 ./Sources/GPIO_switches.o
 .text          0x00000000        0x0 ./Sources/GPIO_ledRGB.o
 .data          0x00000000        0x0 ./Sources/GPIO_ledRGB.o
 .bss           0x00000000        0x0 ./Sources/GPIO_ledRGB.o
 .text.GPIO_initLedG
                0x00000000       0x60 ./Sources/GPIO_ledRGB.o
 .text.GPIO_ledG
                0x00000000       0x38 ./Sources/GPIO_ledRGB.o
 .text.GPIO_ledG_t
                0x00000000       0x14 ./Sources/GPIO_ledRGB.o
 .text.GPIO_ledRGB_t
                0x00000000       0x20 ./Sources/GPIO_ledRGB.o
 .text          0x00000000        0x0 ./Sources/GPIO_latch_lcd.o
 .data          0x00000000        0x0 ./Sources/GPIO_latch_lcd.o
 .bss           0x00000000        0x0 ./Sources/GPIO_latch_lcd.o
 .text.GPIO_ativaConLatchLCD
                0x00000000       0xf0 ./Sources/GPIO_latch_lcd.o
 .text.GPIO_escreveByteLatch
                0x00000000       0x40 ./Sources/GPIO_latch_lcd.o
 .text.GPIO_escreveByteLatchLCD
                0x00000000       0x68 ./Sources/GPIO_latch_lcd.o
 .text.GPIO_setEndDDRAMLCD
                0x00000000       0x38 ./Sources/GPIO_latch_lcd.o
 .text          0x00000000        0x0 C:/Freescale/CW111/MCU/ARM_GCC_Support/ewl/lib/armv6-m\libc.a(exit.o)
 .data          0x00000000        0x0 C:/Freescale/CW111/MCU/ARM_GCC_Support/ewl/lib/armv6-m\libc.a(exit.o)
 .bss           0x00000000        0x0 C:/Freescale/CW111/MCU/ARM_GCC_Support/ewl/lib/armv6-m\libc.a(exit.o)
 .text          0x00000000        0x0 C:/Freescale/CW111/MCU/ARM_GCC_Support/ewl/lib/armv6-m\libc.a(memset.o)
 .data          0x00000000        0x0 C:/Freescale/CW111/MCU/ARM_GCC_Support/ewl/lib/armv6-m\libc.a(memset.o)
 .bss           0x00000000        0x0 C:/Freescale/CW111/MCU/ARM_GCC_Support/ewl/lib/armv6-m\libc.a(memset.o)
 .text          0x00000000        0x0 C:/Freescale/CW111/MCU/ARM_GCC_Support/ewl/lib/armv6-m\libc.a(__filll_mem.o)
 .data          0x00000000        0x0 C:/Freescale/CW111/MCU/ARM_GCC_Support/ewl/lib/armv6-m\libc.a(__filll_mem.o)
 .bss           0x00000000        0x0 C:/Freescale/CW111/MCU/ARM_GCC_Support/ewl/lib/armv6-m\libc.a(__filll_mem.o)
 .text          0x00000000        0x0 C:/Freescale/CW111/MCU/ARM_GCC_Support/ewl/lib/armv6-m\libc.a(memcpy.o)
 .data          0x00000000        0x0 C:/Freescale/CW111/MCU/ARM_GCC_Support/ewl/lib/armv6-m\libc.a(memcpy.o)
 .bss           0x00000000        0x0 C:/Freescale/CW111/MCU/ARM_GCC_Support/ewl/lib/armv6-m\libc.a(memcpy.o)
 .text          0x00000000        0x0 C:/Freescale/CW111/MCU/ARM_GCC_Support/ewl/lib/armv6-m\librt.a(gcc_ctor_dtor.o)
 .data          0x00000000        0x0 C:/Freescale/CW111/MCU/ARM_GCC_Support/ewl/lib/armv6-m\librt.a(gcc_ctor_dtor.o)
 .bss           0x00000000        0x0 C:/Freescale/CW111/MCU/ARM_GCC_Support/ewl/lib/armv6-m\librt.a(gcc_ctor_dtor.o)
 .bss.__dso_handle
                0x00000000        0x4 C:/Freescale/CW111/MCU/ARM_GCC_Support/ewl/lib/armv6-m\librt.a(gcc_ctor_dtor.o)
 .text          0x00000000        0x0 C:/Freescale/CW111/MCU/ARM_GCC_Support/ewl/lib/armv6-m\librt.a(__arm_eabi_init.o)
 .data          0x00000000        0x0 C:/Freescale/CW111/MCU/ARM_GCC_Support/ewl/lib/armv6-m\librt.a(__arm_eabi_init.o)
 .bss           0x00000000        0x0 C:/Freescale/CW111/MCU/ARM_GCC_Support/ewl/lib/armv6-m\librt.a(__arm_eabi_init.o)
 .text.__register_global_object
                0x00000000       0x14 C:/Freescale/CW111/MCU/ARM_GCC_Support/ewl/lib/armv6-m\librt.a(__arm_eabi_init.o)
 .text.__cxa_atexit
                0x00000000       0x38 C:/Freescale/CW111/MCU/ARM_GCC_Support/ewl/lib/armv6-m\librt.a(__arm_eabi_init.o)
 .text.__aeabi_atexit
                0x00000000        0xe C:/Freescale/CW111/MCU/ARM_GCC_Support/ewl/lib/armv6-m\librt.a(__arm_eabi_init.o)
 .text.__register_atexit
                0x00000000        0xc C:/Freescale/CW111/MCU/ARM_GCC_Support/ewl/lib/armv6-m\librt.a(__arm_eabi_init.o)
 .text.__init_hardware
                0x00000000        0x4 C:/Freescale/CW111/MCU/ARM_GCC_Support/ewl/lib/armv6-m\librt.a(__arm_eabi_init.o)
 .bss.atexit_curr_func
                0x00000000        0x4 C:/Freescale/CW111/MCU/ARM_GCC_Support/ewl/lib/armv6-m\librt.a(__arm_eabi_init.o)
 .bss.atexit_funcs
                0x00000000      0x300 C:/Freescale/CW111/MCU/ARM_GCC_Support/ewl/lib/armv6-m\librt.a(__arm_eabi_init.o)
 .text          0x00000000        0x0 C:/Freescale/CW111/MCU/ARM_GCC_Support/ewl/lib/armv6-m\librt.a(ROMCopy.o)
 .data          0x00000000        0x0 C:/Freescale/CW111/MCU/ARM_GCC_Support/ewl/lib/armv6-m\librt.a(ROMCopy.o)
 .bss           0x00000000        0x0 C:/Freescale/CW111/MCU/ARM_GCC_Support/ewl/lib/armv6-m\librt.a(ROMCopy.o)
 .text.__flush_cache
                0x00000000        0x2 C:/Freescale/CW111/MCU/ARM_GCC_Support/ewl/lib/armv6-m\librt.a(ROMCopy.o)

Memory Configuration

Name             Origin             Length             Attributes
m_interrupts     0x00000000         0x000000c0         xr
m_cfmprotrom     0x00000400         0x00000010         xr
m_text           0x00000800         0x0001f800         xr
m_data           0x1ffff000         0x00004000         xrw
*default*        0x00000000         0xffffffff

Linker script and memory map

LOAD ./Project_Settings/Startup_Code/kinetis_sysinit.o
LOAD ./Project_Settings/Startup_Code/__arm_start.o
LOAD ./Project_Settings/Startup_Code/__arm_end.o
LOAD ./Sources/util.o
LOAD ./Sources/sa_mtb.o
LOAD ./Sources/main.o
LOAD ./Sources/SysTick.o
LOAD ./Sources/ISR.o
LOAD ./Sources/GPIO_switches.o
LOAD ./Sources/GPIO_ledRGB.o
LOAD ./Sources/GPIO_latch_lcd.o
START GROUP
LOAD C:/Freescale/CW111/MCU/ARM_GCC_Support/ewl/lib/armv6-m\libc.a
LOAD C:/Freescale/CW111/MCU/ARM_GCC_Support/ewl/lib/armv6-m\libm.a
LOAD c:/freescale/cw111/cross_tools/arm-none-eabi-gcc-4_7_3/bin/../lib/gcc/arm-none-eabi/4.7.3/armv6-m\libgcc.a
LOAD C:/Freescale/CW111/MCU/ARM_GCC_Support/ewl/lib/armv6-m\librt.a
END GROUP
                0x20003000                _estack = 0x20003000
                0x20003000                __SP_INIT = _estack
                0x00000400                __heap_size = 0x400
                0x00000400                __stack_size = 0x400

.interrupts     0x00000000       0xc0
                0x00000000                __vector_table = .
                0x00000000                . = ALIGN (0x4)
 *(.vectortable)
 .vectortable   0x00000000       0xc0 ./Project_Settings/Startup_Code/kinetis_sysinit.o
                0x00000000                InterruptVector
                0x000000c0                . = ALIGN (0x4)

.cfmprotect     0x00000400        0x0
                0x00000400                . = ALIGN (0x4)
 *(.cfmconfig)
                0x00000400                . = ALIGN (0x4)

.text           0x00000800      0xaac
                0x00000800                . = ALIGN (0x4)
 *(.text)
 *(.text*)
 .text.Default_Handler
                0x00000800        0xc ./Project_Settings/Startup_Code/kinetis_sysinit.o
                0x00000800                RTC_Alarm_IRQHandler
                0x00000800                I2C0_IRQHandler
                0x00000800                HardFault_Handler
                0x00000800                PendSV_Handler
                0x00000800                NMI_Handler
                0x00000800                I2C1_IRQHandler
                0x00000800                UART1_IRQHandler
                0x00000800                DMA2_IRQHandler
                0x00000800                TSI0_IRQHandler
                0x00000800                UART0_IRQHandler
                0x00000800                ADC0_IRQHandler
                0x00000800                SPI1_IRQHandler
                0x00000800                PORTD_IRQHandler
                0x00000800                LPTimer_IRQHandler
                0x00000800                FTM1_IRQHandler
                0x00000800                RTC_Seconds_IRQHandler
                0x00000800                MCG_IRQHandler
                0x00000800                UART2_IRQHandler
                0x00000800                Default_Handler
                0x00000800                LLW_IRQHandler
                0x00000800                PIT_IRQHandler
                0x00000800                SVC_Handler
                0x00000800                USBOTG_IRQHandler
                0x00000800                DMA3_IRQHandler
                0x00000800                DMA0_IRQHandler
                0x00000800                DAC0_IRQHandler
                0x00000800                PMC_IRQHandler
                0x00000800                SPI0_IRQHandler
                0x00000800                FTM0_IRQHandler
                0x00000800                MCM_IRQHandler
                0x00000800                FTFL_IRQHandler
                0x00000800                FTM2_IRQHandler
                0x00000800                CMP0_IRQHandler
                0x00000800                DMA1_IRQHandler
 .text.__init_hardware
                0x0000080c       0x2c ./Project_Settings/Startup_Code/kinetis_sysinit.o
                0x0000080c                __init_hardware
 .text.zero_fill_bss
                0x00000838       0x24 ./Project_Settings/Startup_Code/__arm_start.o
 .text.__thumb_startup
                0x0000085c       0x30 ./Project_Settings/Startup_Code/__arm_start.o
                0x0000085c                __thumb_startup
 .text._ExitProcess
                0x0000088c        0xc ./Project_Settings/Startup_Code/__arm_end.o
                0x0000088c                _ExitProcess
 .text.espera_5us
                0x00000898       0x4c ./Sources/util.o
                0x00000898                espera_5us
 .text.main     0x000008e4      0x1c4 ./Sources/main.o
                0x000008e4                main
 .text.SysTick_init
                0x00000aa8       0x30 ./Sources/SysTick.o
                0x00000aa8                SysTick_init
 .text.SysTick_ativaInterrupt
                0x00000ad8       0x18 ./Sources/SysTick.o
                0x00000ad8                SysTick_ativaInterrupt
 .text.SysTick_desativaInterrupt
                0x00000af0       0x18 ./Sources/SysTick.o
                0x00000af0                SysTick_desativaInterrupt
 .text.SysTick_resetaCVR
                0x00000b08       0x14 ./Sources/SysTick.o
                0x00000b08                SysTick_resetaCVR
 .text.PORTA_IRQHandler
                0x00000b1c       0x34 ./Sources/ISR.o
                0x00000b1c                PORTA_IRQHandler
 .text.SysTick_Handler
                0x00000b50       0x6c ./Sources/ISR.o
                0x00000b50                SysTick_Handler
 .text.ISR_resetaCounter
                0x00000bbc       0x14 ./Sources/ISR.o
                0x00000bbc                ISR_resetaCounter
 .text.ISR_setaMaxPostScaler
                0x00000bd0       0x18 ./Sources/ISR.o
                0x00000bd0                ISR_setaMaxPostScaler
 .text.ISR_escreveEstado
                0x00000be8       0x20 ./Sources/ISR.o
                0x00000be8                ISR_escreveEstado
 .text.ISR_leEstado
                0x00000c08       0x14 ./Sources/ISR.o
                0x00000c08                ISR_leEstado
 .text.GPIO_initSwitchNMI
                0x00000c1c       0xcc ./Sources/GPIO_switches.o
                0x00000c1c                GPIO_initSwitchNMI
 .text.GPIO_initLedRGB
                0x00000ce8       0xac ./Sources/GPIO_ledRGB.o
                0x00000ce8                GPIO_initLedRGB
 .text.GPIO_ledRGB
                0x00000d94       0x5c ./Sources/GPIO_ledRGB.o
                0x00000d94                GPIO_ledRGB
 .text.GPIO_ativaConLCD
                0x00000df0       0xc8 ./Sources/GPIO_latch_lcd.o
                0x00000df0                GPIO_ativaConLCD
 .text.GPIO_setRS
                0x00000eb8       0x38 ./Sources/GPIO_latch_lcd.o
                0x00000eb8                GPIO_setRS
 .text.GPIO_escreveByteLCD
                0x00000ef0       0x58 ./Sources/GPIO_latch_lcd.o
                0x00000ef0                GPIO_escreveByteLCD
 .text.GPIO_initLCD
                0x00000f48       0x40 ./Sources/GPIO_latch_lcd.o
                0x00000f48                GPIO_initLCD
 .text.GPIO_escreveStringLCD
                0x00000f88       0x5c ./Sources/GPIO_latch_lcd.o
                0x00000f88                GPIO_escreveStringLCD
 .text.GPIO_escreveBitmapLCD
                0x00000fe4       0x7c ./Sources/GPIO_latch_lcd.o
                0x00000fe4                GPIO_escreveBitmapLCD
 .text.exit     0x00001060       0x38 C:/Freescale/CW111/MCU/ARM_GCC_Support/ewl/lib/armv6-m\libc.a(exit.o)
                0x00001060                exit
 .text.memset   0x00001098        0xc C:/Freescale/CW111/MCU/ARM_GCC_Support/ewl/lib/armv6-m\libc.a(memset.o)
                0x00001098                memset
 .text.__fill_mem
                0x000010a4       0x7e C:/Freescale/CW111/MCU/ARM_GCC_Support/ewl/lib/armv6-m\libc.a(__filll_mem.o)
                0x000010a4                __fill_mem
 .text.memcpy   0x00001122       0x12 C:/Freescale/CW111/MCU/ARM_GCC_Support/ewl/lib/armv6-m\libc.a(memcpy.o)
                0x00001122                memcpy
 .text.__init_cpp
                0x00001134       0x48 C:/Freescale/CW111/MCU/ARM_GCC_Support/ewl/lib/armv6-m\librt.a(gcc_ctor_dtor.o)
                0x00001134                __init_cpp
 .text.__fini_cpp
                0x0000117c       0x34 C:/Freescale/CW111/MCU/ARM_GCC_Support/ewl/lib/armv6-m\librt.a(gcc_ctor_dtor.o)
                0x0000117c                __fini_cpp
 .text.__destroy_global_chain
                0x000011b0       0x1c C:/Freescale/CW111/MCU/ARM_GCC_Support/ewl/lib/armv6-m\librt.a(__arm_eabi_init.o)
                0x000011b0                __destroy_global_chain
 .text.__init_registers
                0x000011cc       0x1c C:/Freescale/CW111/MCU/ARM_GCC_Support/ewl/lib/armv6-m\librt.a(__arm_eabi_init.o)
                0x000011cc                __init_registers
 .text.__init_user
                0x000011e8        0x4 C:/Freescale/CW111/MCU/ARM_GCC_Support/ewl/lib/armv6-m\librt.a(__arm_eabi_init.o)
                0x000011e8                __init_user
 .text.__copy_rom_section
                0x000011ec       0x48 C:/Freescale/CW111/MCU/ARM_GCC_Support/ewl/lib/armv6-m\librt.a(ROMCopy.o)
                0x000011ec                __copy_rom_section
 .text.__copy_rom_sections_to_ram
                0x00001234       0x34 C:/Freescale/CW111/MCU/ARM_GCC_Support/ewl/lib/armv6-m\librt.a(ROMCopy.o)
                0x00001234                __copy_rom_sections_to_ram
 *(.rodata)
 .rodata        0x00001268       0x44 ./Sources/main.o
 *(.rodata*)
 *(.glue_7)
 .glue_7        0x00000000        0x0 linker stubs
 *(.glue_7t)
 .glue_7t       0x00000000        0x0 linker stubs
 *(.eh_frame)
 *(.init)
 *(.fini)
                0x000012ac                . = ALIGN (0x4)
                0x000012ac                _etext = .

.vfp11_veneer   0x000012ac        0x0
 .vfp11_veneer  0x00000000        0x0 linker stubs

.v4_bx          0x000012ac        0x0
 .v4_bx         0x00000000        0x0 linker stubs

.iplt           0x000012ac        0x0
 .iplt          0x00000000        0x0 ./Project_Settings/Startup_Code/kinetis_sysinit.o

.rel.dyn        0x000012ac        0x0
 .rel.iplt      0x00000000        0x0 ./Project_Settings/Startup_Code/kinetis_sysinit.o

.ARM.extab
 *(.ARM.extab* .gnu.linkonce.armextab.*)

.ARM            0x000012ac        0x0
                0x000012ac                __exidx_start = .
 *(.ARM.exidx*)
                0x000012ac                __exidx_end = .

.ctors          0x000012ac        0x0
                0x000012ac                __CTOR_LIST__ = .
 *crtbegin.o(.ctors)
 *(EXCLUDE_FILE(*crtend.o) .ctors)
 *(SORT(.ctors.*))
 *(.ctors)
                0x000012ac                __CTOR_END__ = .

.dtors          0x000012ac        0x0
                0x000012ac                __DTOR_LIST__ = .
 *crtbegin.o(.dtors)
 *(EXCLUDE_FILE(*crtend.o) .dtors)
 *(SORT(.dtors.*))
 *(.dtors)
                0x000012ac                __DTOR_END__ = .

.preinit_array  0x000012ac        0x0
                0x000012ac                PROVIDE (__preinit_array_start, .)
 *(.preinit_array*)
                0x000012ac                PROVIDE (__preinit_array_end, .)

.init_array     0x000012ac        0x0
                0x000012ac                PROVIDE (__init_array_start, .)
 *(SORT(.init_array.*))
 *(.init_array*)
                0x000012ac                PROVIDE (__init_array_end, .)

.fini_array     0x000012ac        0x0
                0x000012ac                PROVIDE (__fini_array_start, .)
 *(SORT(.fini_array.*))
 *(.fini_array*)
                0x000012ac                PROVIDE (__fini_array_end, .)
                0x000012ac                ___ROM_AT = .

.mtb            0x1ffff000        0x0
                0x1ffff000                . = ALIGN (0x8)
                0x1ffff000                _mtb_start = .
 *(.mtb_buf)
                0x1ffff000                . = ALIGN (0x8)
                0x1ffff000                _mtb_end = .

.data           0x1ffff000        0x0 load address 0x000012ac
                0x1ffff000                . = ALIGN (0x4)
                0x1ffff000                _sdata = .
 *(.data)
 *(.data*)
                0x1ffff000                . = ALIGN (0x4)
                0x1ffff000                _edata = .
                0x00000000                ___data_size = (_edata - _sdata)

.igot.plt       0x1ffff000        0x0
 .igot.plt      0x00000000        0x0 ./Project_Settings/Startup_Code/kinetis_sysinit.o
                0x1ffff000                . = ALIGN (0x4)

.bss            0x1ffff000       0x28
                0x1ffff000                __START_BSS = .
                0x1ffff000                PROVIDE (__bss_start__, __START_BSS)
 *(.bss)
 *(.bss*)
 .bss.argv      0x1ffff000        0x4 ./Project_Settings/Startup_Code/__arm_start.o
 .bss.counter   0x1ffff004        0x4 ./Sources/ISR.o
 .bss.maxCounter
                0x1ffff008        0x4 ./Sources/ISR.o
 .bss.estado    0x1ffff00c        0x1 ./Sources/ISR.o
 *fill*         0x1ffff00d        0x3 00
 .bss.__stdio_exit
                0x1ffff010        0x4 C:/Freescale/CW111/MCU/ARM_GCC_Support/ewl/lib/armv6-m\libc.a(exit.o)
                0x1ffff010                __stdio_exit
 .bss.__console_exit
                0x1ffff014        0x4 C:/Freescale/CW111/MCU/ARM_GCC_Support/ewl/lib/armv6-m\libc.a(exit.o)
                0x1ffff014                __console_exit
 .bss.__global_destructor_chain
                0x1ffff018        0x4 C:/Freescale/CW111/MCU/ARM_GCC_Support/ewl/lib/armv6-m\librt.a(__arm_eabi_init.o)
                0x1ffff018                __global_destructor_chain
 .bss.__S_romp  0x1ffff01c        0xc C:/Freescale/CW111/MCU/ARM_GCC_Support/ewl/lib/armv6-m\librt.a(ROMCopy.o)
 *(COMMON)
                0x1ffff028                . = ALIGN (0x4)
                0x1ffff028                __END_BSS = .
                0x1ffff028                PROVIDE (__bss_end__, __END_BSS)
                0x000012ac                _romp_at = (___ROM_AT + SIZEOF (.data))

.romp           0x1ffff028       0x18 load address 0x000012ac
                0x000012ac                __S_romp = _romp_at
                0x1ffff028        0x4 LONG 0x12ac ___ROM_AT
                0x1ffff02c        0x4 LONG 0x1ffff000 _sdata
                0x1ffff030        0x4 LONG 0x0 ___data_size
                0x1ffff034        0x4 LONG 0x0
                0x1ffff038        0x4 LONG 0x0
                0x1ffff03c        0x4 LONG 0x0

._user_heap_stack
                0x1ffff040      0x800 load address 0x000012c4
                0x1ffff040                . = ALIGN (0x4)
                0x1ffff040                PROVIDE (end, .)
                0x1ffff040                PROVIDE (_end, .)
                0x1ffff040                __heap_addr = .
                0x1ffff440                . = (. + __heap_size)
 *fill*         0x1ffff040      0x400 00
                0x1ffff840                . = (. + __stack_size)
 *fill*         0x1ffff440      0x400 00
                0x1ffff840                . = ALIGN (0x4)

.ARM.attributes
                0x00000000       0x31
 *(.ARM.attributes)
 .ARM.attributes
                0x00000000       0x31 ./Project_Settings/Startup_Code/kinetis_sysinit.o
 .ARM.attributes
                0x00000031       0x31 ./Project_Settings/Startup_Code/__arm_start.o
 .ARM.attributes
                0x00000062       0x31 ./Project_Settings/Startup_Code/__arm_end.o
 .ARM.attributes
                0x00000093       0x31 ./Sources/util.o
 .ARM.attributes
                0x000000c4       0x31 ./Sources/main.o
 .ARM.attributes
                0x000000f5       0x31 ./Sources/SysTick.o
 .ARM.attributes
                0x00000126       0x31 ./Sources/ISR.o
 .ARM.attributes
                0x00000157       0x31 ./Sources/GPIO_switches.o
 .ARM.attributes
                0x00000188       0x31 ./Sources/GPIO_ledRGB.o
 .ARM.attributes
                0x000001b9       0x31 ./Sources/GPIO_latch_lcd.o
 .ARM.attributes
                0x000001ea       0x31 C:/Freescale/CW111/MCU/ARM_GCC_Support/ewl/lib/armv6-m\libc.a(exit.o)
 .ARM.attributes
                0x0000021b       0x31 C:/Freescale/CW111/MCU/ARM_GCC_Support/ewl/lib/armv6-m\libc.a(memset.o)
 .ARM.attributes
                0x0000024c       0x31 C:/Freescale/CW111/MCU/ARM_GCC_Support/ewl/lib/armv6-m\libc.a(__filll_mem.o)
 .ARM.attributes
                0x0000027d       0x31 C:/Freescale/CW111/MCU/ARM_GCC_Support/ewl/lib/armv6-m\libc.a(memcpy.o)
 .ARM.attributes
                0x000002ae       0x31 C:/Freescale/CW111/MCU/ARM_GCC_Support/ewl/lib/armv6-m\librt.a(gcc_ctor_dtor.o)
 .ARM.attributes
                0x000002df       0x31 C:/Freescale/CW111/MCU/ARM_GCC_Support/ewl/lib/armv6-m\librt.a(__arm_eabi_init.o)
 .ARM.attributes
                0x00000310       0x31 C:/Freescale/CW111/MCU/ARM_GCC_Support/ewl/lib/armv6-m\librt.a(ROMCopy.o)
OUTPUT(sinaleira.elf elf32-littlearm)

.debug_info     0x00000000     0x23d6
 .debug_info    0x00000000      0x447 ./Project_Settings/Startup_Code/kinetis_sysinit.o
 .debug_info    0x00000447      0x12a ./Project_Settings/Startup_Code/__arm_start.o
 .debug_info    0x00000571       0x54 ./Project_Settings/Startup_Code/__arm_end.o
 .debug_info    0x000005c5       0xb8 ./Sources/util.o
 .debug_info    0x0000067d      0x143 ./Sources/main.o
 .debug_info    0x000007c0      0x138 ./Sources/SysTick.o
 .debug_info    0x000008f8      0x231 ./Sources/ISR.o
 .debug_info    0x00000b29      0x4cb ./Sources/GPIO_switches.o
 .debug_info    0x00000ff4      0x4a2 ./Sources/GPIO_ledRGB.o
 .debug_info    0x00001496      0x59c ./Sources/GPIO_latch_lcd.o
 .debug_info    0x00001a32       0xe8 C:/Freescale/CW111/MCU/ARM_GCC_Support/ewl/lib/armv6-m\libc.a(exit.o)
 .debug_info    0x00001b1a       0xec C:/Freescale/CW111/MCU/ARM_GCC_Support/ewl/lib/armv6-m\libc.a(memset.o)
 .debug_info    0x00001c06      0x137 C:/Freescale/CW111/MCU/ARM_GCC_Support/ewl/lib/armv6-m\libc.a(__filll_mem.o)
 .debug_info    0x00001d3d      0x10f C:/Freescale/CW111/MCU/ARM_GCC_Support/ewl/lib/armv6-m\libc.a(memcpy.o)
 .debug_info    0x00001e4c      0x136 C:/Freescale/CW111/MCU/ARM_GCC_Support/ewl/lib/armv6-m\librt.a(gcc_ctor_dtor.o)
 .debug_info    0x00001f82      0x2b9 C:/Freescale/CW111/MCU/ARM_GCC_Support/ewl/lib/armv6-m\librt.a(__arm_eabi_init.o)
 .debug_info    0x0000223b      0x19b C:/Freescale/CW111/MCU/ARM_GCC_Support/ewl/lib/armv6-m\librt.a(ROMCopy.o)

.debug_abbrev   0x00000000      0xcdb
 .debug_abbrev  0x00000000       0xe7 ./Project_Settings/Startup_Code/kinetis_sysinit.o
 .debug_abbrev  0x000000e7       0x92 ./Project_Settings/Startup_Code/__arm_start.o
 .debug_abbrev  0x00000179       0x4c ./Project_Settings/Startup_Code/__arm_end.o
 .debug_abbrev  0x000001c5       0x70 ./Sources/util.o
 .debug_abbrev  0x00000235       0x90 ./Sources/main.o
 .debug_abbrev  0x000002c5       0xb8 ./Sources/SysTick.o
 .debug_abbrev  0x0000037d      0x106 ./Sources/ISR.o
 .debug_abbrev  0x00000483       0xcd ./Sources/GPIO_switches.o
 .debug_abbrev  0x00000550      0x109 ./Sources/GPIO_ledRGB.o
 .debug_abbrev  0x00000659      0x12d ./Sources/GPIO_latch_lcd.o
 .debug_abbrev  0x00000786       0x7a C:/Freescale/CW111/MCU/ARM_GCC_Support/ewl/lib/armv6-m\libc.a(exit.o)
 .debug_abbrev  0x00000800       0x62 C:/Freescale/CW111/MCU/ARM_GCC_Support/ewl/lib/armv6-m\libc.a(memset.o)
 .debug_abbrev  0x00000862       0x78 C:/Freescale/CW111/MCU/ARM_GCC_Support/ewl/lib/armv6-m\libc.a(__filll_mem.o)
 .debug_abbrev  0x000008da       0x95 C:/Freescale/CW111/MCU/ARM_GCC_Support/ewl/lib/armv6-m\libc.a(memcpy.o)
 .debug_abbrev  0x0000096f       0x99 C:/Freescale/CW111/MCU/ARM_GCC_Support/ewl/lib/armv6-m\librt.a(gcc_ctor_dtor.o)
 .debug_abbrev  0x00000a08      0x1b3 C:/Freescale/CW111/MCU/ARM_GCC_Support/ewl/lib/armv6-m\librt.a(__arm_eabi_init.o)
 .debug_abbrev  0x00000bbb      0x120 C:/Freescale/CW111/MCU/ARM_GCC_Support/ewl/lib/armv6-m\librt.a(ROMCopy.o)

.debug_loc      0x00000000      0xc01
 .debug_loc     0x00000000       0x58 ./Project_Settings/Startup_Code/kinetis_sysinit.o
 .debug_loc     0x00000058       0x2c ./Project_Settings/Startup_Code/__arm_start.o
 .debug_loc     0x00000084       0x38 ./Project_Settings/Startup_Code/__arm_end.o
 .debug_loc     0x000000bc       0x70 ./Sources/util.o
 .debug_loc     0x0000012c       0x38 ./Sources/main.o
 .debug_loc     0x00000164       0xbc ./Sources/SysTick.o
 .debug_loc     0x00000220      0x120 ./Sources/ISR.o
 .debug_loc     0x00000340       0x38 ./Sources/GPIO_switches.o
 .debug_loc     0x00000378      0x120 ./Sources/GPIO_ledRGB.o
 .debug_loc     0x00000498      0x20c ./Sources/GPIO_latch_lcd.o
 .debug_loc     0x000006a4       0x3e C:/Freescale/CW111/MCU/ARM_GCC_Support/ewl/lib/armv6-m\libc.a(exit.o)
 .debug_loc     0x000006e2       0x6f C:/Freescale/CW111/MCU/ARM_GCC_Support/ewl/lib/armv6-m\libc.a(memset.o)
 .debug_loc     0x00000751      0x14a C:/Freescale/CW111/MCU/ARM_GCC_Support/ewl/lib/armv6-m\libc.a(__filll_mem.o)
 .debug_loc     0x0000089b       0x59 C:/Freescale/CW111/MCU/ARM_GCC_Support/ewl/lib/armv6-m\libc.a(memcpy.o)
 .debug_loc     0x000008f4       0x9d C:/Freescale/CW111/MCU/ARM_GCC_Support/ewl/lib/armv6-m\librt.a(gcc_ctor_dtor.o)
 .debug_loc     0x00000991      0x197 C:/Freescale/CW111/MCU/ARM_GCC_Support/ewl/lib/armv6-m\librt.a(__arm_eabi_init.o)
 .debug_loc     0x00000b28       0xd9 C:/Freescale/CW111/MCU/ARM_GCC_Support/ewl/lib/armv6-m\librt.a(ROMCopy.o)

.debug_aranges  0x00000000      0x340
 .debug_aranges
                0x00000000       0x28 ./Project_Settings/Startup_Code/kinetis_sysinit.o
 .debug_aranges
                0x00000028       0x30 ./Project_Settings/Startup_Code/__arm_start.o
 .debug_aranges
                0x00000058       0x20 ./Project_Settings/Startup_Code/__arm_end.o
 .debug_aranges
                0x00000078       0x28 ./Sources/util.o
 .debug_aranges
                0x000000a0       0x20 ./Sources/main.o
 .debug_aranges
                0x000000c0       0x38 ./Sources/SysTick.o
 .debug_aranges
                0x000000f8       0x48 ./Sources/ISR.o
 .debug_aranges
                0x00000140       0x20 ./Sources/GPIO_switches.o
 .debug_aranges
                0x00000160       0x48 ./Sources/GPIO_ledRGB.o
 .debug_aranges
                0x000001a8       0x68 ./Sources/GPIO_latch_lcd.o
 .debug_aranges
                0x00000210       0x20 C:/Freescale/CW111/MCU/ARM_GCC_Support/ewl/lib/armv6-m\libc.a(exit.o)
 .debug_aranges
                0x00000230       0x20 C:/Freescale/CW111/MCU/ARM_GCC_Support/ewl/lib/armv6-m\libc.a(memset.o)
 .debug_aranges
                0x00000250       0x20 C:/Freescale/CW111/MCU/ARM_GCC_Support/ewl/lib/armv6-m\libc.a(__filll_mem.o)
 .debug_aranges
                0x00000270       0x20 C:/Freescale/CW111/MCU/ARM_GCC_Support/ewl/lib/armv6-m\libc.a(memcpy.o)
 .debug_aranges
                0x00000290       0x28 C:/Freescale/CW111/MCU/ARM_GCC_Support/ewl/lib/armv6-m\librt.a(gcc_ctor_dtor.o)
 .debug_aranges
                0x000002b8       0x58 C:/Freescale/CW111/MCU/ARM_GCC_Support/ewl/lib/armv6-m\librt.a(__arm_eabi_init.o)
 .debug_aranges
                0x00000310       0x30 C:/Freescale/CW111/MCU/ARM_GCC_Support/ewl/lib/armv6-m\librt.a(ROMCopy.o)

.debug_macinfo  0x00000000    0xf4929
 .debug_macinfo
                0x00000000    0x264f0 ./Project_Settings/Startup_Code/kinetis_sysinit.o
 .debug_macinfo
                0x000264f0     0x3e6d ./Project_Settings/Startup_Code/__arm_start.o
 .debug_macinfo
                0x0002a35d     0x3456 ./Project_Settings/Startup_Code/__arm_end.o
 .debug_macinfo
                0x0002d7b3     0x3c3a ./Sources/util.o
 .debug_macinfo
                0x000313ed     0x3ccd ./Sources/main.o
 .debug_macinfo
                0x000350ba    0x264b6 ./Sources/SysTick.o
 .debug_macinfo
                0x0005b570    0x26518 ./Sources/ISR.o
 .debug_macinfo
                0x00081a88    0x264b6 ./Sources/GPIO_switches.o
 .debug_macinfo
                0x000a7f3e    0x264f4 ./Sources/GPIO_ledRGB.o
 .debug_macinfo
                0x000ce432    0x264f7 ./Sources/GPIO_latch_lcd.o

.debug_line     0x00000000     0x1a5a
 .debug_line    0x00000000      0x1ff ./Project_Settings/Startup_Code/kinetis_sysinit.o
 .debug_line    0x000001ff      0x282 ./Project_Settings/Startup_Code/__arm_start.o
 .debug_line    0x00000481      0x249 ./Project_Settings/Startup_Code/__arm_end.o
 .debug_line    0x000006ca      0x182 ./Sources/util.o
 .debug_line    0x0000084c      0x21f ./Sources/main.o
 .debug_line    0x00000a6b      0x1ef ./Sources/SysTick.o
 .debug_line    0x00000c5a      0x24e ./Sources/ISR.o
 .debug_line    0x00000ea8      0x1ca ./Sources/GPIO_switches.o
 .debug_line    0x00001072      0x248 ./Sources/GPIO_ledRGB.o
 .debug_line    0x000012ba      0x2c2 ./Sources/GPIO_latch_lcd.o
 .debug_line    0x0000157c       0x8d C:/Freescale/CW111/MCU/ARM_GCC_Support/ewl/lib/armv6-m\libc.a(exit.o)
 .debug_line    0x00001609       0x90 C:/Freescale/CW111/MCU/ARM_GCC_Support/ewl/lib/armv6-m\libc.a(memset.o)
 .debug_line    0x00001699       0xf6 C:/Freescale/CW111/MCU/ARM_GCC_Support/ewl/lib/armv6-m\libc.a(__filll_mem.o)
 .debug_line    0x0000178f       0x8b C:/Freescale/CW111/MCU/ARM_GCC_Support/ewl/lib/armv6-m\libc.a(memcpy.o)
 .debug_line    0x0000181a       0x6c C:/Freescale/CW111/MCU/ARM_GCC_Support/ewl/lib/armv6-m\librt.a(gcc_ctor_dtor.o)
 .debug_line    0x00001886      0x117 C:/Freescale/CW111/MCU/ARM_GCC_Support/ewl/lib/armv6-m\librt.a(__arm_eabi_init.o)
 .debug_line    0x0000199d       0xbd C:/Freescale/CW111/MCU/ARM_GCC_Support/ewl/lib/armv6-m\librt.a(ROMCopy.o)

.debug_str      0x00000000      0xb4d
 .debug_str     0x00000000      0x28e ./Project_Settings/Startup_Code/kinetis_sysinit.o
                                0x2b5 (size before relaxing)
 .debug_str     0x0000028e       0x85 ./Project_Settings/Startup_Code/__arm_start.o
                                0x18f (size before relaxing)
 .debug_str     0x00000313       0x41 ./Project_Settings/Startup_Code/__arm_end.o
                                 0xc6 (size before relaxing)
 .debug_str     0x00000354       0x34 ./Sources/util.o
                                0x12c (size before relaxing)
 .debug_str     0x00000388       0x98 ./Sources/main.o
                                0x1bc (size before relaxing)
 .debug_str     0x00000420       0x94 ./Sources/SysTick.o
                                0x195 (size before relaxing)
 .debug_str     0x000004b4       0xc4 ./Sources/ISR.o
                                0x24d (size before relaxing)
 .debug_str     0x00000578       0xa6 ./Sources/GPIO_switches.o
                                0x2c1 (size before relaxing)
 .debug_str     0x0000061e       0x8d ./Sources/GPIO_ledRGB.o
                                0x2f4 (size before relaxing)
 .debug_str     0x000006ab      0x112 ./Sources/GPIO_latch_lcd.o
                                0x366 (size before relaxing)
 .debug_str     0x000007bd       0x60 C:/Freescale/CW111/MCU/ARM_GCC_Support/ewl/lib/armv6-m\libc.a(exit.o)
                                0x157 (size before relaxing)
 .debug_str     0x0000081d       0x23 C:/Freescale/CW111/MCU/ARM_GCC_Support/ewl/lib/armv6-m\libc.a(memset.o)
                                0x140 (size before relaxing)
 .debug_str     0x00000840       0x2d C:/Freescale/CW111/MCU/ARM_GCC_Support/ewl/lib/armv6-m\libc.a(__filll_mem.o)
                                0x152 (size before relaxing)
 .debug_str     0x0000086d       0x1c C:/Freescale/CW111/MCU/ARM_GCC_Support/ewl/lib/armv6-m\libc.a(memcpy.o)
                                0x138 (size before relaxing)
 .debug_str     0x00000889      0x126 C:/Freescale/CW111/MCU/ARM_GCC_Support/ewl/lib/armv6-m\librt.a(gcc_ctor_dtor.o)
                                0x181 (size before relaxing)
 .debug_str     0x000009af       0xf8 C:/Freescale/CW111/MCU/ARM_GCC_Support/ewl/lib/armv6-m\librt.a(__arm_eabi_init.o)
                                0x1b5 (size before relaxing)
 .debug_str     0x00000aa7       0xa6 C:/Freescale/CW111/MCU/ARM_GCC_Support/ewl/lib/armv6-m\librt.a(ROMCopy.o)
                                0x13c (size before relaxing)

.comment        0x00000000       0x79
 .comment       0x00000000       0x79 ./Project_Settings/Startup_Code/kinetis_sysinit.o
                                 0x7a (size before relaxing)
 .comment       0x00000000       0x7a ./Project_Settings/Startup_Code/__arm_start.o
 .comment       0x00000000       0x7a ./Project_Settings/Startup_Code/__arm_end.o
 .comment       0x00000000       0x7a ./Sources/util.o
 .comment       0x00000000       0x7a ./Sources/main.o
 .comment       0x00000000       0x7a ./Sources/SysTick.o
 .comment       0x00000000       0x7a ./Sources/ISR.o
 .comment       0x00000000       0x7a ./Sources/GPIO_switches.o
 .comment       0x00000000       0x7a ./Sources/GPIO_ledRGB.o
 .comment       0x00000000       0x7a ./Sources/GPIO_latch_lcd.o
 .comment       0x00000000       0x7a C:/Freescale/CW111/MCU/ARM_GCC_Support/ewl/lib/armv6-m\libc.a(exit.o)
 .comment       0x00000000       0x7a C:/Freescale/CW111/MCU/ARM_GCC_Support/ewl/lib/armv6-m\libc.a(memset.o)
 .comment       0x00000000       0x7a C:/Freescale/CW111/MCU/ARM_GCC_Support/ewl/lib/armv6-m\libc.a(__filll_mem.o)
 .comment       0x00000000       0x7a C:/Freescale/CW111/MCU/ARM_GCC_Support/ewl/lib/armv6-m\libc.a(memcpy.o)
 .comment       0x00000000       0x7a C:/Freescale/CW111/MCU/ARM_GCC_Support/ewl/lib/armv6-m\librt.a(gcc_ctor_dtor.o)
 .comment       0x00000000       0x7a C:/Freescale/CW111/MCU/ARM_GCC_Support/ewl/lib/armv6-m\librt.a(__arm_eabi_init.o)
 .comment       0x00000000       0x7a C:/Freescale/CW111/MCU/ARM_GCC_Support/ewl/lib/armv6-m\librt.a(ROMCopy.o)

.debug_frame    0x00000000      0x6b4
 .debug_frame   0x00000000       0x48 ./Project_Settings/Startup_Code/kinetis_sysinit.o
 .debug_frame   0x00000048       0x4c ./Project_Settings/Startup_Code/__arm_start.o
 .debug_frame   0x00000094       0x30 ./Project_Settings/Startup_Code/__arm_end.o
 .debug_frame   0x000000c4       0x50 ./Sources/util.o
 .debug_frame   0x00000114       0x30 ./Sources/main.o
 .debug_frame   0x00000144       0x84 ./Sources/SysTick.o
 .debug_frame   0x000001c8       0xc0 ./Sources/ISR.o
 .debug_frame   0x00000288       0x30 ./Sources/GPIO_switches.o
 .debug_frame   0x000002b8       0xc0 ./Sources/GPIO_ledRGB.o
 .debug_frame   0x00000378      0x144 ./Sources/GPIO_latch_lcd.o
 .debug_frame   0x000004bc       0x2c C:/Freescale/CW111/MCU/ARM_GCC_Support/ewl/lib/armv6-m\libc.a(exit.o)
 .debug_frame   0x000004e8       0x28 C:/Freescale/CW111/MCU/ARM_GCC_Support/ewl/lib/armv6-m\libc.a(memset.o)
 .debug_frame   0x00000510       0x2c C:/Freescale/CW111/MCU/ARM_GCC_Support/ewl/lib/armv6-m\libc.a(__filll_mem.o)
 .debug_frame   0x0000053c       0x28 C:/Freescale/CW111/MCU/ARM_GCC_Support/ewl/lib/armv6-m\libc.a(memcpy.o)
 .debug_frame   0x00000564       0x40 C:/Freescale/CW111/MCU/ARM_GCC_Support/ewl/lib/armv6-m\librt.a(gcc_ctor_dtor.o)
 .debug_frame   0x000005a4       0xbc C:/Freescale/CW111/MCU/ARM_GCC_Support/ewl/lib/armv6-m\librt.a(__arm_eabi_init.o)
 .debug_frame   0x00000660       0x54 C:/Freescale/CW111/MCU/ARM_GCC_Support/ewl/lib/armv6-m\librt.a(ROMCopy.o)
